Archive member included to satisfy reference by file (symbol)

./libelibc.a(crt0.o)          (crt0)
./libelibc.a(stdio.o)         main.o (printf)
./libelibc.a(stdlib.o)        main.o (exit)
./libelibc.a(string.o)        file_read.o (memcpy)
./libelibc.a(uart.o)          ./libelibc.a(stdio.o) (inbyte)
./libelibc.a(fat32.o)         file_read.o (read_file)
/opt/riscv/lib/gcc/riscv32-unknown-elf/13.2.0/libgcc.a(_udivdi3.o)
                              main.o (__udivdi3)
/opt/riscv/lib/gcc/riscv32-unknown-elf/13.2.0/libgcc.a(_umoddi3.o)
                              main.o (__umoddi3)
/opt/riscv/lib/gcc/riscv32-unknown-elf/13.2.0/libgcc.a(adddf3.o)
                              ./libelibc.a(stdio.o) (__adddf3)
/opt/riscv/lib/gcc/riscv32-unknown-elf/13.2.0/libgcc.a(divdf3.o)
                              file_read.o (__divdf3)
/opt/riscv/lib/gcc/riscv32-unknown-elf/13.2.0/libgcc.a(gedf2.o)
                              main.o (__gtdf2)
/opt/riscv/lib/gcc/riscv32-unknown-elf/13.2.0/libgcc.a(ledf2.o)
                              main.o (__ltdf2)
/opt/riscv/lib/gcc/riscv32-unknown-elf/13.2.0/libgcc.a(muldf3.o)
                              ./libelibc.a(stdio.o) (__muldf3)
/opt/riscv/lib/gcc/riscv32-unknown-elf/13.2.0/libgcc.a(subdf3.o)
                              file_read.o (__subdf3)
/opt/riscv/lib/gcc/riscv32-unknown-elf/13.2.0/libgcc.a(fixunsdfsi.o)
                              ./libelibc.a(stdio.o) (__fixunsdfsi)
/opt/riscv/lib/gcc/riscv32-unknown-elf/13.2.0/libgcc.a(floatunsidf.o)
                              ./libelibc.a(stdio.o) (__floatunsidf)
/opt/riscv/lib/gcc/riscv32-unknown-elf/13.2.0/libgcc.a(fixunsdfdi.o)
                              main.o (__fixunsdfdi)
/opt/riscv/lib/gcc/riscv32-unknown-elf/13.2.0/libgcc.a(floatundidf.o)
                              main.o (__floatundidf)
/opt/riscv/lib/gcc/riscv32-unknown-elf/13.2.0/libgcc.a(addsf3.o)
                              main.o (__addsf3)
/opt/riscv/lib/gcc/riscv32-unknown-elf/13.2.0/libgcc.a(divsf3.o)
                              main.o (__divsf3)
/opt/riscv/lib/gcc/riscv32-unknown-elf/13.2.0/libgcc.a(gesf2.o)
                              main.o (__gtsf2)
/opt/riscv/lib/gcc/riscv32-unknown-elf/13.2.0/libgcc.a(lesf2.o)
                              main.o (__ltsf2)
/opt/riscv/lib/gcc/riscv32-unknown-elf/13.2.0/libgcc.a(mulsf3.o)
                              main.o (__mulsf3)
/opt/riscv/lib/gcc/riscv32-unknown-elf/13.2.0/libgcc.a(subsf3.o)
                              main.o (__subsf3)
/opt/riscv/lib/gcc/riscv32-unknown-elf/13.2.0/libgcc.a(fixsfsi.o)
                              main.o (__fixsfsi)
/opt/riscv/lib/gcc/riscv32-unknown-elf/13.2.0/libgcc.a(floatunsisf.o)
                              file_read.o (__floatunsisf)
/opt/riscv/lib/gcc/riscv32-unknown-elf/13.2.0/libgcc.a(fixunssfdi.o)
                              main.o (__fixunssfdi)
/opt/riscv/lib/gcc/riscv32-unknown-elf/13.2.0/libgcc.a(floatundisf.o)
                              main.o (__floatundisf)
/opt/riscv/lib/gcc/riscv32-unknown-elf/13.2.0/libgcc.a(extendsfdf2.o)
                              file_read.o (__extendsfdf2)
/opt/riscv/lib/gcc/riscv32-unknown-elf/13.2.0/libgcc.a(truncdfsf2.o)
                              file_read.o (__truncdfsf2)
/opt/riscv/lib/gcc/riscv32-unknown-elf/13.2.0/libgcc.a(_lshrdi3.o)
                              /opt/riscv/lib/gcc/riscv32-unknown-elf/13.2.0/libgcc.a(floatundidf.o) (__lshrdi3)
/opt/riscv/lib/gcc/riscv32-unknown-elf/13.2.0/libgcc.a(_ashldi3.o)
                              /opt/riscv/lib/gcc/riscv32-unknown-elf/13.2.0/libgcc.a(fixunsdfdi.o) (__ashldi3)
/opt/riscv/lib/gcc/riscv32-unknown-elf/13.2.0/libgcc.a(_clz.o)
                              /opt/riscv/lib/gcc/riscv32-unknown-elf/13.2.0/libgcc.a(_udivdi3.o) (__clz_tab)
/opt/riscv/lib/gcc/riscv32-unknown-elf/13.2.0/libgcc.a(_clzsi2.o)
                              /opt/riscv/lib/gcc/riscv32-unknown-elf/13.2.0/libgcc.a(adddf3.o) (__clzsi2)

There are no discarded input sections

Memory Configuration

Name             Origin             Length             Attributes
code_ram         0x80001000         0x00010000         xr!rw
data_ram         0x80011000         0x00310000         rw!x
*default*        0x00000000         0xffffffff

Linker script and memory map

                0x00000800                        __stack_size = 0x800
                0x00200000                        __heap_size = 0x200000

.text           0x80001000     0x8de4
 *(.text*)
 .text          0x80001000     0x1ba8 main.o
                0x80001040                dummy_head_layer_forward_propagation
                0x80001044                average_pooling_layer_forward_propagation
                0x80001468                fully_connected_layer_forward_propagation
                0x80001784                max
                0x800017e0                min
                0x8000183c                get_index
                0x800018a0                new_index3d
                0x800018bc                no_math_ceil
                0x800018c0                init_layer
                0x800019d4                predict
                0x80001a28                get_dummy_head_layer_entry
                0x80001a30                new_dummy_head_layer
                0x80001a9c                get_convolutional_layer_entry
                0x80001aa4                conv_copy_and_pad_input
                0x80001abc                conv_3d
                0x80001dd4                convolutional_layer_forward_propagation
                0x80002010                new_convolutional_layer
                0x80002614                get_average_pooling_layer_entry
                0x8000261c                new_average_pooling_layer
                0x800028c4                get_fully_connected_layer_entry
                0x800028cc                new_fully_connected_layer
                0x80002a00                cnn_evaluate
 .text.startup  0x80002ba8       0x30 main.o
                0x80002ba8                main
 .text          0x80002bd8      0x3a0 file_read.o
                0x80002bd8                read_images
                0x80002e68                read_labels
                0x80002ee8                read_weights
 .text          0x80002f78      0xbfc ./sdspidriver/sdspidrv.o
                0x80002f78                sdspi_init
                0x80003880                sdspi_read
                0x80003a10                sdspi_write
                0x80003ae8                sdspi_ioctl
 .text          0x80003b74       0x30 ./libelibc.a(crt0.o)
                0x80003b74                crt0
 .text          0x80003ba4     0x1124 ./libelibc.a(stdio.o)
                0x80003ba4                getchar
                0x80003bbc                putchar
                0x80003be8                fputs
                0x80003c78                fgets
                0x80003d40                putd
                0x800040b4                putx
                0x800044d4                putld
                0x80004734                putf
                0x800048f0                printf
 .text          0x80004cc8      0x2c0 ./libelibc.a(stdlib.o)
                0x80004cc8                exit
                0x80004d14                malloc
                0x80004e3c                free
                0x80004e68                calloc
                0x80004ea4                atoi
                0x80004f3c                abs
                0x80004f4c                srand
                0x80004f58                rand
 .text          0x80004f88      0x4e8 ./libelibc.a(string.o)
                0x80004f88                memcpy
                0x8000502c                memmove
                0x80005110                memset
                0x80005200                strlen
                0x80005228                strcpy
                0x80005250                strncpy
                0x80005358                strcat
                0x8000539c                strncat
                0x800053f0                strcmp
                0x8000542c                strncmp
 .text          0x80005470       0x70 ./libelibc.a(uart.o)
                0x80005470                inbyte
                0x80005494                outbyte
 .text          0x800054e0      0x9d4 ./libelibc.a(fat32.o)
                0x800054e0                copy_file
                0x8000571c                get_next_cluster
                0x800057c8                get_partition_first_lba
                0x8000597c                long2short
                0x80005c14                read_file
 .text          0x80005eb4      0x430 /opt/riscv/lib/gcc/riscv32-unknown-elf/13.2.0/libgcc.a(_udivdi3.o)
                0x80005eb4                __udivdi3
 .text          0x800062e4      0x3e4 /opt/riscv/lib/gcc/riscv32-unknown-elf/13.2.0/libgcc.a(_umoddi3.o)
                0x800062e4                __umoddi3
 .text          0x800066c8      0x794 /opt/riscv/lib/gcc/riscv32-unknown-elf/13.2.0/libgcc.a(adddf3.o)
                0x800066c8                __adddf3
 .text          0x80006e5c      0x6dc /opt/riscv/lib/gcc/riscv32-unknown-elf/13.2.0/libgcc.a(divdf3.o)
                0x80006e5c                __divdf3
 .text          0x80007538       0xdc /opt/riscv/lib/gcc/riscv32-unknown-elf/13.2.0/libgcc.a(gedf2.o)
                0x80007538                __gtdf2
                0x80007538                __gedf2
 .text          0x80007614       0xdc /opt/riscv/lib/gcc/riscv32-unknown-elf/13.2.0/libgcc.a(ledf2.o)
                0x80007614                __ltdf2
                0x80007614                __ledf2
 .text          0x800076f0      0x5f0 /opt/riscv/lib/gcc/riscv32-unknown-elf/13.2.0/libgcc.a(muldf3.o)
                0x800076f0                __muldf3
 .text          0x80007ce0      0x7a8 /opt/riscv/lib/gcc/riscv32-unknown-elf/13.2.0/libgcc.a(subdf3.o)
                0x80007ce0                __subdf3
 .text          0x80008488       0x7c /opt/riscv/lib/gcc/riscv32-unknown-elf/13.2.0/libgcc.a(fixunsdfsi.o)
                0x80008488                __fixunsdfsi
 .text          0x80008504       0x80 /opt/riscv/lib/gcc/riscv32-unknown-elf/13.2.0/libgcc.a(floatunsidf.o)
                0x80008504                __floatunsidf
 .text          0x80008584       0xa8 /opt/riscv/lib/gcc/riscv32-unknown-elf/13.2.0/libgcc.a(fixunsdfdi.o)
                0x80008584                __fixunsdfdi
 .text          0x8000862c      0x1b0 /opt/riscv/lib/gcc/riscv32-unknown-elf/13.2.0/libgcc.a(floatundidf.o)
                0x8000862c                __floatundidf
 .text          0x800087dc      0x420 /opt/riscv/lib/gcc/riscv32-unknown-elf/13.2.0/libgcc.a(addsf3.o)
                0x800087dc                __addsf3
 .text          0x80008bfc      0x32c /opt/riscv/lib/gcc/riscv32-unknown-elf/13.2.0/libgcc.a(divsf3.o)
                0x80008bfc                __divsf3
 .text          0x80008f28       0xac /opt/riscv/lib/gcc/riscv32-unknown-elf/13.2.0/libgcc.a(gesf2.o)
                0x80008f28                __gtsf2
                0x80008f28                __gesf2
 .text          0x80008fd4       0xac /opt/riscv/lib/gcc/riscv32-unknown-elf/13.2.0/libgcc.a(lesf2.o)
                0x80008fd4                __lesf2
                0x80008fd4                __ltsf2
 .text          0x80009080      0x31c /opt/riscv/lib/gcc/riscv32-unknown-elf/13.2.0/libgcc.a(mulsf3.o)
                0x80009080                __mulsf3
 .text          0x8000939c      0x430 /opt/riscv/lib/gcc/riscv32-unknown-elf/13.2.0/libgcc.a(subsf3.o)
                0x8000939c                __subsf3
 .text          0x800097cc       0x70 /opt/riscv/lib/gcc/riscv32-unknown-elf/13.2.0/libgcc.a(fixsfsi.o)
                0x800097cc                __fixsfsi
 .text          0x8000983c       0xdc /opt/riscv/lib/gcc/riscv32-unknown-elf/13.2.0/libgcc.a(floatunsisf.o)
                0x8000983c                __floatunsisf
 .text          0x80009918       0x84 /opt/riscv/lib/gcc/riscv32-unknown-elf/13.2.0/libgcc.a(fixunssfdi.o)
                0x80009918                __fixunssfdi
 .text          0x8000999c      0x138 /opt/riscv/lib/gcc/riscv32-unknown-elf/13.2.0/libgcc.a(floatundisf.o)
                0x8000999c                __floatundisf
 .text          0x80009ad4       0xdc /opt/riscv/lib/gcc/riscv32-unknown-elf/13.2.0/libgcc.a(extendsfdf2.o)
                0x80009ad4                __extendsfdf2
 .text          0x80009bb0      0x178 /opt/riscv/lib/gcc/riscv32-unknown-elf/13.2.0/libgcc.a(truncdfsf2.o)
                0x80009bb0                __truncdfsf2
 .text          0x80009d28       0x38 /opt/riscv/lib/gcc/riscv32-unknown-elf/13.2.0/libgcc.a(_lshrdi3.o)
                0x80009d28                __lshrdi3
 .text          0x80009d60       0x38 /opt/riscv/lib/gcc/riscv32-unknown-elf/13.2.0/libgcc.a(_ashldi3.o)
                0x80009d60                __ashldi3
 .text          0x80009d98        0x0 /opt/riscv/lib/gcc/riscv32-unknown-elf/13.2.0/libgcc.a(_clz.o)
 .text          0x80009d98       0x4c /opt/riscv/lib/gcc/riscv32-unknown-elf/13.2.0/libgcc.a(_clzsi2.o)
                0x80009d98                __clzsi2

.srodata.cst4   0x80009de4        0xc
 .srodata.cst4  0x80009de4        0xc main.o
                                  0x8 (size before relaxing)
 .srodata.cst4  0x80009df0        0x4 file_read.o

.srodata.cst8   0x80009df0       0x28
 .srodata.cst8  0x80009df0       0x28 file_read.o
                                 0x10 (size before relaxing)
 .srodata.cst8  0x80009e18       0x18 ./libelibc.a(stdio.o)

.srodata        0x80009e18        0xc
 .srodata       0x80009e18        0x4 ./sdspidriver/sdspidrv.o
                0x80009e18                SDUSEDMA
 .srodata       0x80009e1c        0x8 ./libelibc.a(stdlib.o)

.eh_frame       0x80009e24       0x3c
 .eh_frame      0x80009e24       0x28 /opt/riscv/lib/gcc/riscv32-unknown-elf/13.2.0/libgcc.a(_udivdi3.o)
 .eh_frame      0x80009e4c       0x14 /opt/riscv/lib/gcc/riscv32-unknown-elf/13.2.0/libgcc.a(_umoddi3.o)
                                 0x28 (size before relaxing)

.rela.dyn       0x80009e60        0x0
 .rela.sdata    0x80009e60        0x0 main.o
 .rela.srodata  0x80009e60        0x0 main.o

.data           0x80011000     0x12b0
 *(.data)
 .data          0x80011000        0x0 main.o
 .data          0x80011000        0x0 file_read.o
 .data          0x80011000        0x0 ./sdspidriver/sdspidrv.o
 .data          0x80011000        0x0 ./libelibc.a(crt0.o)
 .data          0x80011000        0x0 ./libelibc.a(stdio.o)
 .data          0x80011000        0x0 ./libelibc.a(stdlib.o)
 .data          0x80011000        0x0 ./libelibc.a(string.o)
 .data          0x80011000        0x0 ./libelibc.a(uart.o)
 .data          0x80011000        0x0 ./libelibc.a(fat32.o)
 .data          0x80011000        0x0 /opt/riscv/lib/gcc/riscv32-unknown-elf/13.2.0/libgcc.a(_udivdi3.o)
 .data          0x80011000        0x0 /opt/riscv/lib/gcc/riscv32-unknown-elf/13.2.0/libgcc.a(_umoddi3.o)
 .data          0x80011000        0x0 /opt/riscv/lib/gcc/riscv32-unknown-elf/13.2.0/libgcc.a(adddf3.o)
 .data          0x80011000        0x0 /opt/riscv/lib/gcc/riscv32-unknown-elf/13.2.0/libgcc.a(divdf3.o)
 .data          0x80011000        0x0 /opt/riscv/lib/gcc/riscv32-unknown-elf/13.2.0/libgcc.a(gedf2.o)
 .data          0x80011000        0x0 /opt/riscv/lib/gcc/riscv32-unknown-elf/13.2.0/libgcc.a(ledf2.o)
 .data          0x80011000        0x0 /opt/riscv/lib/gcc/riscv32-unknown-elf/13.2.0/libgcc.a(muldf3.o)
 .data          0x80011000        0x0 /opt/riscv/lib/gcc/riscv32-unknown-elf/13.2.0/libgcc.a(subdf3.o)
 .data          0x80011000        0x0 /opt/riscv/lib/gcc/riscv32-unknown-elf/13.2.0/libgcc.a(fixunsdfsi.o)
 .data          0x80011000        0x0 /opt/riscv/lib/gcc/riscv32-unknown-elf/13.2.0/libgcc.a(floatunsidf.o)
 .data          0x80011000        0x0 /opt/riscv/lib/gcc/riscv32-unknown-elf/13.2.0/libgcc.a(fixunsdfdi.o)
 .data          0x80011000        0x0 /opt/riscv/lib/gcc/riscv32-unknown-elf/13.2.0/libgcc.a(floatundidf.o)
 .data          0x80011000        0x0 /opt/riscv/lib/gcc/riscv32-unknown-elf/13.2.0/libgcc.a(addsf3.o)
 .data          0x80011000        0x0 /opt/riscv/lib/gcc/riscv32-unknown-elf/13.2.0/libgcc.a(divsf3.o)
 .data          0x80011000        0x0 /opt/riscv/lib/gcc/riscv32-unknown-elf/13.2.0/libgcc.a(gesf2.o)
 .data          0x80011000        0x0 /opt/riscv/lib/gcc/riscv32-unknown-elf/13.2.0/libgcc.a(lesf2.o)
 .data          0x80011000        0x0 /opt/riscv/lib/gcc/riscv32-unknown-elf/13.2.0/libgcc.a(mulsf3.o)
 .data          0x80011000        0x0 /opt/riscv/lib/gcc/riscv32-unknown-elf/13.2.0/libgcc.a(subsf3.o)
 .data          0x80011000        0x0 /opt/riscv/lib/gcc/riscv32-unknown-elf/13.2.0/libgcc.a(fixsfsi.o)
 .data          0x80011000        0x0 /opt/riscv/lib/gcc/riscv32-unknown-elf/13.2.0/libgcc.a(floatunsisf.o)
 .data          0x80011000        0x0 /opt/riscv/lib/gcc/riscv32-unknown-elf/13.2.0/libgcc.a(fixunssfdi.o)
 .data          0x80011000        0x0 /opt/riscv/lib/gcc/riscv32-unknown-elf/13.2.0/libgcc.a(floatundisf.o)
 .data          0x80011000        0x0 /opt/riscv/lib/gcc/riscv32-unknown-elf/13.2.0/libgcc.a(extendsfdf2.o)
 .data          0x80011000        0x0 /opt/riscv/lib/gcc/riscv32-unknown-elf/13.2.0/libgcc.a(truncdfsf2.o)
 .data          0x80011000        0x0 /opt/riscv/lib/gcc/riscv32-unknown-elf/13.2.0/libgcc.a(_lshrdi3.o)
 .data          0x80011000        0x0 /opt/riscv/lib/gcc/riscv32-unknown-elf/13.2.0/libgcc.a(_ashldi3.o)
 .data          0x80011000        0x0 /opt/riscv/lib/gcc/riscv32-unknown-elf/13.2.0/libgcc.a(_clz.o)
 .data          0x80011000        0x0 /opt/riscv/lib/gcc/riscv32-unknown-elf/13.2.0/libgcc.a(_clzsi2.o)
 *(.bss)
 .bss           0x80011000        0x0 main.o
 .bss           0x80011000        0x0 file_read.o
 .bss           0x80011000        0x0 ./sdspidriver/sdspidrv.o
 .bss           0x80011000        0x0 ./libelibc.a(crt0.o)
 .bss           0x80011000        0x0 ./libelibc.a(stdio.o)
 .bss           0x80011000        0x0 ./libelibc.a(stdlib.o)
 .bss           0x80011000        0x0 ./libelibc.a(string.o)
 .bss           0x80011000        0x0 ./libelibc.a(uart.o)
 .bss           0x80011000      0xa00 ./libelibc.a(fat32.o)
 .bss           0x80011a00        0x0 /opt/riscv/lib/gcc/riscv32-unknown-elf/13.2.0/libgcc.a(_udivdi3.o)
 .bss           0x80011a00        0x0 /opt/riscv/lib/gcc/riscv32-unknown-elf/13.2.0/libgcc.a(_umoddi3.o)
 .bss           0x80011a00        0x0 /opt/riscv/lib/gcc/riscv32-unknown-elf/13.2.0/libgcc.a(adddf3.o)
 .bss           0x80011a00        0x0 /opt/riscv/lib/gcc/riscv32-unknown-elf/13.2.0/libgcc.a(divdf3.o)
 .bss           0x80011a00        0x0 /opt/riscv/lib/gcc/riscv32-unknown-elf/13.2.0/libgcc.a(gedf2.o)
 .bss           0x80011a00        0x0 /opt/riscv/lib/gcc/riscv32-unknown-elf/13.2.0/libgcc.a(ledf2.o)
 .bss           0x80011a00        0x0 /opt/riscv/lib/gcc/riscv32-unknown-elf/13.2.0/libgcc.a(muldf3.o)
 .bss           0x80011a00        0x0 /opt/riscv/lib/gcc/riscv32-unknown-elf/13.2.0/libgcc.a(subdf3.o)
 .bss           0x80011a00        0x0 /opt/riscv/lib/gcc/riscv32-unknown-elf/13.2.0/libgcc.a(fixunsdfsi.o)
 .bss           0x80011a00        0x0 /opt/riscv/lib/gcc/riscv32-unknown-elf/13.2.0/libgcc.a(floatunsidf.o)
 .bss           0x80011a00        0x0 /opt/riscv/lib/gcc/riscv32-unknown-elf/13.2.0/libgcc.a(fixunsdfdi.o)
 .bss           0x80011a00        0x0 /opt/riscv/lib/gcc/riscv32-unknown-elf/13.2.0/libgcc.a(floatundidf.o)
 .bss           0x80011a00        0x0 /opt/riscv/lib/gcc/riscv32-unknown-elf/13.2.0/libgcc.a(addsf3.o)
 .bss           0x80011a00        0x0 /opt/riscv/lib/gcc/riscv32-unknown-elf/13.2.0/libgcc.a(divsf3.o)
 .bss           0x80011a00        0x0 /opt/riscv/lib/gcc/riscv32-unknown-elf/13.2.0/libgcc.a(gesf2.o)
 .bss           0x80011a00        0x0 /opt/riscv/lib/gcc/riscv32-unknown-elf/13.2.0/libgcc.a(lesf2.o)
 .bss           0x80011a00        0x0 /opt/riscv/lib/gcc/riscv32-unknown-elf/13.2.0/libgcc.a(mulsf3.o)
 .bss           0x80011a00        0x0 /opt/riscv/lib/gcc/riscv32-unknown-elf/13.2.0/libgcc.a(subsf3.o)
 .bss           0x80011a00        0x0 /opt/riscv/lib/gcc/riscv32-unknown-elf/13.2.0/libgcc.a(fixsfsi.o)
 .bss           0x80011a00        0x0 /opt/riscv/lib/gcc/riscv32-unknown-elf/13.2.0/libgcc.a(floatunsisf.o)
 .bss           0x80011a00        0x0 /opt/riscv/lib/gcc/riscv32-unknown-elf/13.2.0/libgcc.a(fixunssfdi.o)
 .bss           0x80011a00        0x0 /opt/riscv/lib/gcc/riscv32-unknown-elf/13.2.0/libgcc.a(floatundisf.o)
 .bss           0x80011a00        0x0 /opt/riscv/lib/gcc/riscv32-unknown-elf/13.2.0/libgcc.a(extendsfdf2.o)
 .bss           0x80011a00        0x0 /opt/riscv/lib/gcc/riscv32-unknown-elf/13.2.0/libgcc.a(truncdfsf2.o)
 .bss           0x80011a00        0x0 /opt/riscv/lib/gcc/riscv32-unknown-elf/13.2.0/libgcc.a(_lshrdi3.o)
 .bss           0x80011a00        0x0 /opt/riscv/lib/gcc/riscv32-unknown-elf/13.2.0/libgcc.a(_ashldi3.o)
 .bss           0x80011a00        0x0 /opt/riscv/lib/gcc/riscv32-unknown-elf/13.2.0/libgcc.a(_clz.o)
 .bss           0x80011a00        0x0 /opt/riscv/lib/gcc/riscv32-unknown-elf/13.2.0/libgcc.a(_clzsi2.o)
 *(.rodata*)
 .rodata.str1.4
                0x80011a00      0x60a main.o
                                 0x40 (size before relaxing)
 .rodata.str1.4
                0x8001200a       0x58 file_read.o
 .rodata.str1.4
                0x8001200a      0x368 ./sdspidriver/sdspidrv.o
 .rodata.str1.4
                0x8001200a       0x7d ./libelibc.a(stdio.o)
 *fill*         0x8001200a        0x2 
 .rodata        0x8001200c       0x84 ./libelibc.a(stdio.o)
 .rodata        0x80012090       0xa8 ./libelibc.a(stdlib.o)
 .rodata.str1.4
                0x80012138      0x186 ./libelibc.a(fat32.o)
 .rodata        0x80012138       0x3c /opt/riscv/lib/gcc/riscv32-unknown-elf/13.2.0/libgcc.a(divdf3.o)
 .rodata        0x80012174       0x3c /opt/riscv/lib/gcc/riscv32-unknown-elf/13.2.0/libgcc.a(divsf3.o)
 .rodata        0x800121b0      0x100 /opt/riscv/lib/gcc/riscv32-unknown-elf/13.2.0/libgcc.a(_clz.o)
                0x800121b0                __clz_tab

.sdata          0x800122b0       0x30
 .sdata         0x800122b0        0x4 file_read.o
                0x800122b0                fbuf
 .sdata         0x800122b4        0x4 ./libelibc.a(crt0.o)
                0x800122b4                stack_top
 .sdata         0x800122b8       0x1c ./libelibc.a(stdio.o)
                0x800122b8                stderr
                0x800122bc                stdout
                0x800122c0                stdin
 .sdata         0x800122d4        0xc ./libelibc.a(stdlib.o)

.sbss           0x800122e0       0x10
 .sbss          0x800122e0        0x4 ./sdspidriver/sdspidrv.o
                0x800122e0                sdcard_err
 .sbss          0x800122e4        0x4 ./libelibc.a(crt0.o)
                0x800122e4                sp_store
 .sbss          0x800122e8        0x8 ./libelibc.a(stdio.o)

.heap           0x800122f0   0x200000
                0x800122f0                        __heap_start = .
                0x802122f0                        . = (. + __heap_size)
 *fill*         0x800122f0   0x200000 

.stack          0x802122f0      0x800
                0x80212af0                        . = (. + __stack_size)
 *fill*         0x802122f0      0x800 
                0x80212af0                        __stack_top = .
LOAD main.o
LOAD file_read.o
LOAD ./sdspidriver/sdspidrv.o
LOAD ./libelibc.a
LOAD /opt/riscv/lib/gcc/riscv32-unknown-elf/13.2.0/libgcc.a
OUTPUT(main.elf elf32-littleriscv)

.comment        0x00000000       0x1b
 .comment       0x00000000       0x1b main.o
                                 0x1c (size before relaxing)
 .comment       0x0000001b       0x1c file_read.o
 .comment       0x0000001b       0x1c ./sdspidriver/sdspidrv.o
 .comment       0x0000001b       0x1c ./libelibc.a(crt0.o)
 .comment       0x0000001b       0x1c ./libelibc.a(stdio.o)
 .comment       0x0000001b       0x1c ./libelibc.a(stdlib.o)
 .comment       0x0000001b       0x1c ./libelibc.a(string.o)
 .comment       0x0000001b       0x1c ./libelibc.a(uart.o)
 .comment       0x0000001b       0x1c ./libelibc.a(fat32.o)
 .comment       0x0000001b       0x1c /opt/riscv/lib/gcc/riscv32-unknown-elf/13.2.0/libgcc.a(_udivdi3.o)
 .comment       0x0000001b       0x1c /opt/riscv/lib/gcc/riscv32-unknown-elf/13.2.0/libgcc.a(_umoddi3.o)
 .comment       0x0000001b       0x1c /opt/riscv/lib/gcc/riscv32-unknown-elf/13.2.0/libgcc.a(adddf3.o)
 .comment       0x0000001b       0x1c /opt/riscv/lib/gcc/riscv32-unknown-elf/13.2.0/libgcc.a(divdf3.o)
 .comment       0x0000001b       0x1c /opt/riscv/lib/gcc/riscv32-unknown-elf/13.2.0/libgcc.a(gedf2.o)
 .comment       0x0000001b       0x1c /opt/riscv/lib/gcc/riscv32-unknown-elf/13.2.0/libgcc.a(ledf2.o)
 .comment       0x0000001b       0x1c /opt/riscv/lib/gcc/riscv32-unknown-elf/13.2.0/libgcc.a(muldf3.o)
 .comment       0x0000001b       0x1c /opt/riscv/lib/gcc/riscv32-unknown-elf/13.2.0/libgcc.a(subdf3.o)
 .comment       0x0000001b       0x1c /opt/riscv/lib/gcc/riscv32-unknown-elf/13.2.0/libgcc.a(fixunsdfsi.o)
 .comment       0x0000001b       0x1c /opt/riscv/lib/gcc/riscv32-unknown-elf/13.2.0/libgcc.a(floatunsidf.o)
 .comment       0x0000001b       0x1c /opt/riscv/lib/gcc/riscv32-unknown-elf/13.2.0/libgcc.a(fixunsdfdi.o)
 .comment       0x0000001b       0x1c /opt/riscv/lib/gcc/riscv32-unknown-elf/13.2.0/libgcc.a(floatundidf.o)
 .comment       0x0000001b       0x1c /opt/riscv/lib/gcc/riscv32-unknown-elf/13.2.0/libgcc.a(addsf3.o)
 .comment       0x0000001b       0x1c /opt/riscv/lib/gcc/riscv32-unknown-elf/13.2.0/libgcc.a(divsf3.o)
 .comment       0x0000001b       0x1c /opt/riscv/lib/gcc/riscv32-unknown-elf/13.2.0/libgcc.a(gesf2.o)
 .comment       0x0000001b       0x1c /opt/riscv/lib/gcc/riscv32-unknown-elf/13.2.0/libgcc.a(lesf2.o)
 .comment       0x0000001b       0x1c /opt/riscv/lib/gcc/riscv32-unknown-elf/13.2.0/libgcc.a(mulsf3.o)
 .comment       0x0000001b       0x1c /opt/riscv/lib/gcc/riscv32-unknown-elf/13.2.0/libgcc.a(subsf3.o)
 .comment       0x0000001b       0x1c /opt/riscv/lib/gcc/riscv32-unknown-elf/13.2.0/libgcc.a(fixsfsi.o)
 .comment       0x0000001b       0x1c /opt/riscv/lib/gcc/riscv32-unknown-elf/13.2.0/libgcc.a(floatunsisf.o)
 .comment       0x0000001b       0x1c /opt/riscv/lib/gcc/riscv32-unknown-elf/13.2.0/libgcc.a(fixunssfdi.o)
 .comment       0x0000001b       0x1c /opt/riscv/lib/gcc/riscv32-unknown-elf/13.2.0/libgcc.a(floatundisf.o)
 .comment       0x0000001b       0x1c /opt/riscv/lib/gcc/riscv32-unknown-elf/13.2.0/libgcc.a(extendsfdf2.o)
 .comment       0x0000001b       0x1c /opt/riscv/lib/gcc/riscv32-unknown-elf/13.2.0/libgcc.a(truncdfsf2.o)
 .comment       0x0000001b       0x1c /opt/riscv/lib/gcc/riscv32-unknown-elf/13.2.0/libgcc.a(_lshrdi3.o)
 .comment       0x0000001b       0x1c /opt/riscv/lib/gcc/riscv32-unknown-elf/13.2.0/libgcc.a(_ashldi3.o)
 .comment       0x0000001b       0x1c /opt/riscv/lib/gcc/riscv32-unknown-elf/13.2.0/libgcc.a(_clz.o)
 .comment       0x0000001b       0x1c /opt/riscv/lib/gcc/riscv32-unknown-elf/13.2.0/libgcc.a(_clzsi2.o)

.riscv.attributes
                0x00000000       0x57
 .riscv.attributes
                0x00000000       0x57 main.o
 .riscv.attributes
                0x00000057       0x57 file_read.o
 .riscv.attributes
                0x000000ae       0x57 ./sdspidriver/sdspidrv.o
 .riscv.attributes
                0x00000105       0x57 ./libelibc.a(crt0.o)
 .riscv.attributes
                0x0000015c       0x57 ./libelibc.a(stdio.o)
 .riscv.attributes
                0x000001b3       0x57 ./libelibc.a(stdlib.o)
 .riscv.attributes
                0x0000020a       0x57 ./libelibc.a(string.o)
 .riscv.attributes
                0x00000261       0x57 ./libelibc.a(uart.o)
 .riscv.attributes
                0x000002b8       0x57 ./libelibc.a(fat32.o)
 .riscv.attributes
                0x0000030f       0x57 /opt/riscv/lib/gcc/riscv32-unknown-elf/13.2.0/libgcc.a(_udivdi3.o)
 .riscv.attributes
                0x00000366       0x57 /opt/riscv/lib/gcc/riscv32-unknown-elf/13.2.0/libgcc.a(_umoddi3.o)
 .riscv.attributes
                0x000003bd       0x57 /opt/riscv/lib/gcc/riscv32-unknown-elf/13.2.0/libgcc.a(adddf3.o)
 .riscv.attributes
                0x00000414       0x57 /opt/riscv/lib/gcc/riscv32-unknown-elf/13.2.0/libgcc.a(divdf3.o)
 .riscv.attributes
                0x0000046b       0x57 /opt/riscv/lib/gcc/riscv32-unknown-elf/13.2.0/libgcc.a(gedf2.o)
 .riscv.attributes
                0x000004c2       0x57 /opt/riscv/lib/gcc/riscv32-unknown-elf/13.2.0/libgcc.a(ledf2.o)
 .riscv.attributes
                0x00000519       0x57 /opt/riscv/lib/gcc/riscv32-unknown-elf/13.2.0/libgcc.a(muldf3.o)
 .riscv.attributes
                0x00000570       0x57 /opt/riscv/lib/gcc/riscv32-unknown-elf/13.2.0/libgcc.a(subdf3.o)
 .riscv.attributes
                0x000005c7       0x57 /opt/riscv/lib/gcc/riscv32-unknown-elf/13.2.0/libgcc.a(fixunsdfsi.o)
 .riscv.attributes
                0x0000061e       0x57 /opt/riscv/lib/gcc/riscv32-unknown-elf/13.2.0/libgcc.a(floatunsidf.o)
 .riscv.attributes
                0x00000675       0x57 /opt/riscv/lib/gcc/riscv32-unknown-elf/13.2.0/libgcc.a(fixunsdfdi.o)
 .riscv.attributes
                0x000006cc       0x57 /opt/riscv/lib/gcc/riscv32-unknown-elf/13.2.0/libgcc.a(floatundidf.o)
 .riscv.attributes
                0x00000723       0x57 /opt/riscv/lib/gcc/riscv32-unknown-elf/13.2.0/libgcc.a(addsf3.o)
 .riscv.attributes
                0x0000077a       0x57 /opt/riscv/lib/gcc/riscv32-unknown-elf/13.2.0/libgcc.a(divsf3.o)
 .riscv.attributes
                0x000007d1       0x57 /opt/riscv/lib/gcc/riscv32-unknown-elf/13.2.0/libgcc.a(gesf2.o)
 .riscv.attributes
                0x00000828       0x57 /opt/riscv/lib/gcc/riscv32-unknown-elf/13.2.0/libgcc.a(lesf2.o)
 .riscv.attributes
                0x0000087f       0x57 /opt/riscv/lib/gcc/riscv32-unknown-elf/13.2.0/libgcc.a(mulsf3.o)
 .riscv.attributes
                0x000008d6       0x57 /opt/riscv/lib/gcc/riscv32-unknown-elf/13.2.0/libgcc.a(subsf3.o)
 .riscv.attributes
                0x0000092d       0x57 /opt/riscv/lib/gcc/riscv32-unknown-elf/13.2.0/libgcc.a(fixsfsi.o)
 .riscv.attributes
                0x00000984       0x57 /opt/riscv/lib/gcc/riscv32-unknown-elf/13.2.0/libgcc.a(floatunsisf.o)
 .riscv.attributes
                0x000009db       0x57 /opt/riscv/lib/gcc/riscv32-unknown-elf/13.2.0/libgcc.a(fixunssfdi.o)
 .riscv.attributes
                0x00000a32       0x57 /opt/riscv/lib/gcc/riscv32-unknown-elf/13.2.0/libgcc.a(floatundisf.o)
 .riscv.attributes
                0x00000a89       0x57 /opt/riscv/lib/gcc/riscv32-unknown-elf/13.2.0/libgcc.a(extendsfdf2.o)
 .riscv.attributes
                0x00000ae0       0x57 /opt/riscv/lib/gcc/riscv32-unknown-elf/13.2.0/libgcc.a(truncdfsf2.o)
 .riscv.attributes
                0x00000b37       0x57 /opt/riscv/lib/gcc/riscv32-unknown-elf/13.2.0/libgcc.a(_lshrdi3.o)
 .riscv.attributes
                0x00000b8e       0x57 /opt/riscv/lib/gcc/riscv32-unknown-elf/13.2.0/libgcc.a(_ashldi3.o)
 .riscv.attributes
                0x00000be5       0x57 /opt/riscv/lib/gcc/riscv32-unknown-elf/13.2.0/libgcc.a(_clz.o)
 .riscv.attributes
                0x00000c3c       0x57 /opt/riscv/lib/gcc/riscv32-unknown-elf/13.2.0/libgcc.a(_clzsi2.o)

.debug_info     0x00000000     0x55a8
 .debug_info    0x00000000      0x76f /opt/riscv/lib/gcc/riscv32-unknown-elf/13.2.0/libgcc.a(_udivdi3.o)
 .debug_info    0x0000076f      0x7c2 /opt/riscv/lib/gcc/riscv32-unknown-elf/13.2.0/libgcc.a(_umoddi3.o)
 .debug_info    0x00000f31      0x501 /opt/riscv/lib/gcc/riscv32-unknown-elf/13.2.0/libgcc.a(adddf3.o)
 .debug_info    0x00001432      0x67b /opt/riscv/lib/gcc/riscv32-unknown-elf/13.2.0/libgcc.a(divdf3.o)
 .debug_info    0x00001aad      0x225 /opt/riscv/lib/gcc/riscv32-unknown-elf/13.2.0/libgcc.a(gedf2.o)
 .debug_info    0x00001cd2      0x225 /opt/riscv/lib/gcc/riscv32-unknown-elf/13.2.0/libgcc.a(ledf2.o)
 .debug_info    0x00001ef7      0x6a4 /opt/riscv/lib/gcc/riscv32-unknown-elf/13.2.0/libgcc.a(muldf3.o)
 .debug_info    0x0000259b      0x501 /opt/riscv/lib/gcc/riscv32-unknown-elf/13.2.0/libgcc.a(subdf3.o)
 .debug_info    0x00002a9c      0x1ad /opt/riscv/lib/gcc/riscv32-unknown-elf/13.2.0/libgcc.a(fixunsdfsi.o)
 .debug_info    0x00002c49      0x25d /opt/riscv/lib/gcc/riscv32-unknown-elf/13.2.0/libgcc.a(floatunsidf.o)
 .debug_info    0x00002ea6      0x1c9 /opt/riscv/lib/gcc/riscv32-unknown-elf/13.2.0/libgcc.a(fixunsdfdi.o)
 .debug_info    0x0000306f      0x2c1 /opt/riscv/lib/gcc/riscv32-unknown-elf/13.2.0/libgcc.a(floatundidf.o)
 .debug_info    0x00003330      0x2ec /opt/riscv/lib/gcc/riscv32-unknown-elf/13.2.0/libgcc.a(addsf3.o)
 .debug_info    0x0000361c      0x358 /opt/riscv/lib/gcc/riscv32-unknown-elf/13.2.0/libgcc.a(divsf3.o)
 .debug_info    0x00003974      0x201 /opt/riscv/lib/gcc/riscv32-unknown-elf/13.2.0/libgcc.a(gesf2.o)
 .debug_info    0x00003b75      0x201 /opt/riscv/lib/gcc/riscv32-unknown-elf/13.2.0/libgcc.a(lesf2.o)
 .debug_info    0x00003d76      0x348 /opt/riscv/lib/gcc/riscv32-unknown-elf/13.2.0/libgcc.a(mulsf3.o)
 .debug_info    0x000040be      0x2ec /opt/riscv/lib/gcc/riscv32-unknown-elf/13.2.0/libgcc.a(subsf3.o)
 .debug_info    0x000043aa      0x1b1 /opt/riscv/lib/gcc/riscv32-unknown-elf/13.2.0/libgcc.a(fixsfsi.o)
 .debug_info    0x0000455b      0x20a /opt/riscv/lib/gcc/riscv32-unknown-elf/13.2.0/libgcc.a(floatunsisf.o)
 .debug_info    0x00004765      0x1b0 /opt/riscv/lib/gcc/riscv32-unknown-elf/13.2.0/libgcc.a(fixunssfdi.o)
 .debug_info    0x00004915      0x23d /opt/riscv/lib/gcc/riscv32-unknown-elf/13.2.0/libgcc.a(floatundisf.o)
 .debug_info    0x00004b52      0x254 /opt/riscv/lib/gcc/riscv32-unknown-elf/13.2.0/libgcc.a(extendsfdf2.o)
 .debug_info    0x00004da6      0x26e /opt/riscv/lib/gcc/riscv32-unknown-elf/13.2.0/libgcc.a(truncdfsf2.o)
 .debug_info    0x00005014      0x1af /opt/riscv/lib/gcc/riscv32-unknown-elf/13.2.0/libgcc.a(_lshrdi3.o)
 .debug_info    0x000051c3      0x1af /opt/riscv/lib/gcc/riscv32-unknown-elf/13.2.0/libgcc.a(_ashldi3.o)
 .debug_info    0x00005372       0xe6 /opt/riscv/lib/gcc/riscv32-unknown-elf/13.2.0/libgcc.a(_clz.o)
 .debug_info    0x00005458      0x150 /opt/riscv/lib/gcc/riscv32-unknown-elf/13.2.0/libgcc.a(_clzsi2.o)

.debug_abbrev   0x00000000     0x2572
 .debug_abbrev  0x00000000      0x1a6 /opt/riscv/lib/gcc/riscv32-unknown-elf/13.2.0/libgcc.a(_udivdi3.o)
 .debug_abbrev  0x000001a6      0x1aa /opt/riscv/lib/gcc/riscv32-unknown-elf/13.2.0/libgcc.a(_umoddi3.o)
 .debug_abbrev  0x00000350      0x176 /opt/riscv/lib/gcc/riscv32-unknown-elf/13.2.0/libgcc.a(adddf3.o)
 .debug_abbrev  0x000004c6      0x173 /opt/riscv/lib/gcc/riscv32-unknown-elf/13.2.0/libgcc.a(divdf3.o)
 .debug_abbrev  0x00000639      0x166 /opt/riscv/lib/gcc/riscv32-unknown-elf/13.2.0/libgcc.a(gedf2.o)
 .debug_abbrev  0x0000079f      0x166 /opt/riscv/lib/gcc/riscv32-unknown-elf/13.2.0/libgcc.a(ledf2.o)
 .debug_abbrev  0x00000905      0x185 /opt/riscv/lib/gcc/riscv32-unknown-elf/13.2.0/libgcc.a(muldf3.o)
 .debug_abbrev  0x00000a8a      0x176 /opt/riscv/lib/gcc/riscv32-unknown-elf/13.2.0/libgcc.a(subdf3.o)
 .debug_abbrev  0x00000c00      0x162 /opt/riscv/lib/gcc/riscv32-unknown-elf/13.2.0/libgcc.a(fixunsdfsi.o)
 .debug_abbrev  0x00000d62      0x163 /opt/riscv/lib/gcc/riscv32-unknown-elf/13.2.0/libgcc.a(floatunsidf.o)
 .debug_abbrev  0x00000ec5      0x15f /opt/riscv/lib/gcc/riscv32-unknown-elf/13.2.0/libgcc.a(fixunsdfdi.o)
 .debug_abbrev  0x00001024      0x181 /opt/riscv/lib/gcc/riscv32-unknown-elf/13.2.0/libgcc.a(floatundidf.o)
 .debug_abbrev  0x000011a5      0x164 /opt/riscv/lib/gcc/riscv32-unknown-elf/13.2.0/libgcc.a(addsf3.o)
 .debug_abbrev  0x00001309      0x141 /opt/riscv/lib/gcc/riscv32-unknown-elf/13.2.0/libgcc.a(divsf3.o)
 .debug_abbrev  0x0000144a      0x15f /opt/riscv/lib/gcc/riscv32-unknown-elf/13.2.0/libgcc.a(gesf2.o)
 .debug_abbrev  0x000015a9      0x15f /opt/riscv/lib/gcc/riscv32-unknown-elf/13.2.0/libgcc.a(lesf2.o)
 .debug_abbrev  0x00001708      0x150 /opt/riscv/lib/gcc/riscv32-unknown-elf/13.2.0/libgcc.a(mulsf3.o)
 .debug_abbrev  0x00001858      0x164 /opt/riscv/lib/gcc/riscv32-unknown-elf/13.2.0/libgcc.a(subsf3.o)
 .debug_abbrev  0x000019bc      0x15d /opt/riscv/lib/gcc/riscv32-unknown-elf/13.2.0/libgcc.a(fixsfsi.o)
 .debug_abbrev  0x00001b19      0x186 /opt/riscv/lib/gcc/riscv32-unknown-elf/13.2.0/libgcc.a(floatunsisf.o)
 .debug_abbrev  0x00001c9f      0x15f /opt/riscv/lib/gcc/riscv32-unknown-elf/13.2.0/libgcc.a(fixunssfdi.o)
 .debug_abbrev  0x00001dfe      0x175 /opt/riscv/lib/gcc/riscv32-unknown-elf/13.2.0/libgcc.a(floatundisf.o)
 .debug_abbrev  0x00001f73      0x15b /opt/riscv/lib/gcc/riscv32-unknown-elf/13.2.0/libgcc.a(extendsfdf2.o)
 .debug_abbrev  0x000020ce      0x152 /opt/riscv/lib/gcc/riscv32-unknown-elf/13.2.0/libgcc.a(truncdfsf2.o)
 .debug_abbrev  0x00002220      0x10c /opt/riscv/lib/gcc/riscv32-unknown-elf/13.2.0/libgcc.a(_lshrdi3.o)
 .debug_abbrev  0x0000232c      0x10c /opt/riscv/lib/gcc/riscv32-unknown-elf/13.2.0/libgcc.a(_ashldi3.o)
 .debug_abbrev  0x00002438       0x70 /opt/riscv/lib/gcc/riscv32-unknown-elf/13.2.0/libgcc.a(_clz.o)
 .debug_abbrev  0x000024a8       0xca /opt/riscv/lib/gcc/riscv32-unknown-elf/13.2.0/libgcc.a(_clzsi2.o)

.debug_loclists
                0x00000000     0x5b0f
 .debug_loclists
                0x00000000      0x704 /opt/riscv/lib/gcc/riscv32-unknown-elf/13.2.0/libgcc.a(_udivdi3.o)
 .debug_loclists
                0x00000704      0x586 /opt/riscv/lib/gcc/riscv32-unknown-elf/13.2.0/libgcc.a(_umoddi3.o)
 .debug_loclists
                0x00000c8a      0xabf /opt/riscv/lib/gcc/riscv32-unknown-elf/13.2.0/libgcc.a(adddf3.o)
 .debug_loclists
                0x00001749      0xf50 /opt/riscv/lib/gcc/riscv32-unknown-elf/13.2.0/libgcc.a(divdf3.o)
 .debug_loclists
                0x00002699       0xdc /opt/riscv/lib/gcc/riscv32-unknown-elf/13.2.0/libgcc.a(gedf2.o)
 .debug_loclists
                0x00002775       0xdc /opt/riscv/lib/gcc/riscv32-unknown-elf/13.2.0/libgcc.a(ledf2.o)
 .debug_loclists
                0x00002851      0x7f5 /opt/riscv/lib/gcc/riscv32-unknown-elf/13.2.0/libgcc.a(muldf3.o)
 .debug_loclists
                0x00003046      0xac4 /opt/riscv/lib/gcc/riscv32-unknown-elf/13.2.0/libgcc.a(subdf3.o)
 .debug_loclists
                0x00003b0a       0x90 /opt/riscv/lib/gcc/riscv32-unknown-elf/13.2.0/libgcc.a(fixunsdfsi.o)
 .debug_loclists
                0x00003b9a       0xb4 /opt/riscv/lib/gcc/riscv32-unknown-elf/13.2.0/libgcc.a(floatunsidf.o)
 .debug_loclists
                0x00003c4e      0x13c /opt/riscv/lib/gcc/riscv32-unknown-elf/13.2.0/libgcc.a(fixunsdfdi.o)
 .debug_loclists
                0x00003d8a      0x1cf /opt/riscv/lib/gcc/riscv32-unknown-elf/13.2.0/libgcc.a(floatundidf.o)
 .debug_loclists
                0x00003f59      0x571 /opt/riscv/lib/gcc/riscv32-unknown-elf/13.2.0/libgcc.a(addsf3.o)
 .debug_loclists
                0x000044ca      0x450 /opt/riscv/lib/gcc/riscv32-unknown-elf/13.2.0/libgcc.a(divsf3.o)
 .debug_loclists
                0x0000491a       0x8f /opt/riscv/lib/gcc/riscv32-unknown-elf/13.2.0/libgcc.a(gesf2.o)
 .debug_loclists
                0x000049a9       0x8f /opt/riscv/lib/gcc/riscv32-unknown-elf/13.2.0/libgcc.a(lesf2.o)
 .debug_loclists
                0x00004a38      0x356 /opt/riscv/lib/gcc/riscv32-unknown-elf/13.2.0/libgcc.a(mulsf3.o)
 .debug_loclists
                0x00004d8e      0x588 /opt/riscv/lib/gcc/riscv32-unknown-elf/13.2.0/libgcc.a(subsf3.o)
 .debug_loclists
                0x00005316       0x8e /opt/riscv/lib/gcc/riscv32-unknown-elf/13.2.0/libgcc.a(fixsfsi.o)
 .debug_loclists
                0x000053a4       0xf0 /opt/riscv/lib/gcc/riscv32-unknown-elf/13.2.0/libgcc.a(floatunsisf.o)
 .debug_loclists
                0x00005494       0xf0 /opt/riscv/lib/gcc/riscv32-unknown-elf/13.2.0/libgcc.a(fixunssfdi.o)
 .debug_loclists
                0x00005584      0x15a /opt/riscv/lib/gcc/riscv32-unknown-elf/13.2.0/libgcc.a(floatundisf.o)
 .debug_loclists
                0x000056de      0x128 /opt/riscv/lib/gcc/riscv32-unknown-elf/13.2.0/libgcc.a(extendsfdf2.o)
 .debug_loclists
                0x00005806      0x1ef /opt/riscv/lib/gcc/riscv32-unknown-elf/13.2.0/libgcc.a(truncdfsf2.o)
 .debug_loclists
                0x000059f5       0x6b /opt/riscv/lib/gcc/riscv32-unknown-elf/13.2.0/libgcc.a(_lshrdi3.o)
 .debug_loclists
                0x00005a60       0x6b /opt/riscv/lib/gcc/riscv32-unknown-elf/13.2.0/libgcc.a(_ashldi3.o)
 .debug_loclists
                0x00005acb       0x44 /opt/riscv/lib/gcc/riscv32-unknown-elf/13.2.0/libgcc.a(_clzsi2.o)

.debug_aranges  0x00000000      0x378
 .debug_aranges
                0x00000000       0x20 /opt/riscv/lib/gcc/riscv32-unknown-elf/13.2.0/libgcc.a(_udivdi3.o)
 .debug_aranges
                0x00000020       0x20 /opt/riscv/lib/gcc/riscv32-unknown-elf/13.2.0/libgcc.a(_umoddi3.o)
 .debug_aranges
                0x00000040       0x20 /opt/riscv/lib/gcc/riscv32-unknown-elf/13.2.0/libgcc.a(adddf3.o)
 .debug_aranges
                0x00000060       0x20 /opt/riscv/lib/gcc/riscv32-unknown-elf/13.2.0/libgcc.a(divdf3.o)
 .debug_aranges
                0x00000080       0x20 /opt/riscv/lib/gcc/riscv32-unknown-elf/13.2.0/libgcc.a(gedf2.o)
 .debug_aranges
                0x000000a0       0x20 /opt/riscv/lib/gcc/riscv32-unknown-elf/13.2.0/libgcc.a(ledf2.o)
 .debug_aranges
                0x000000c0       0x20 /opt/riscv/lib/gcc/riscv32-unknown-elf/13.2.0/libgcc.a(muldf3.o)
 .debug_aranges
                0x000000e0       0x20 /opt/riscv/lib/gcc/riscv32-unknown-elf/13.2.0/libgcc.a(subdf3.o)
 .debug_aranges
                0x00000100       0x20 /opt/riscv/lib/gcc/riscv32-unknown-elf/13.2.0/libgcc.a(fixunsdfsi.o)
 .debug_aranges
                0x00000120       0x20 /opt/riscv/lib/gcc/riscv32-unknown-elf/13.2.0/libgcc.a(floatunsidf.o)
 .debug_aranges
                0x00000140       0x20 /opt/riscv/lib/gcc/riscv32-unknown-elf/13.2.0/libgcc.a(fixunsdfdi.o)
 .debug_aranges
                0x00000160       0x20 /opt/riscv/lib/gcc/riscv32-unknown-elf/13.2.0/libgcc.a(floatundidf.o)
 .debug_aranges
                0x00000180       0x20 /opt/riscv/lib/gcc/riscv32-unknown-elf/13.2.0/libgcc.a(addsf3.o)
 .debug_aranges
                0x000001a0       0x20 /opt/riscv/lib/gcc/riscv32-unknown-elf/13.2.0/libgcc.a(divsf3.o)
 .debug_aranges
                0x000001c0       0x20 /opt/riscv/lib/gcc/riscv32-unknown-elf/13.2.0/libgcc.a(gesf2.o)
 .debug_aranges
                0x000001e0       0x20 /opt/riscv/lib/gcc/riscv32-unknown-elf/13.2.0/libgcc.a(lesf2.o)
 .debug_aranges
                0x00000200       0x20 /opt/riscv/lib/gcc/riscv32-unknown-elf/13.2.0/libgcc.a(mulsf3.o)
 .debug_aranges
                0x00000220       0x20 /opt/riscv/lib/gcc/riscv32-unknown-elf/13.2.0/libgcc.a(subsf3.o)
 .debug_aranges
                0x00000240       0x20 /opt/riscv/lib/gcc/riscv32-unknown-elf/13.2.0/libgcc.a(fixsfsi.o)
 .debug_aranges
                0x00000260       0x20 /opt/riscv/lib/gcc/riscv32-unknown-elf/13.2.0/libgcc.a(floatunsisf.o)
 .debug_aranges
                0x00000280       0x20 /opt/riscv/lib/gcc/riscv32-unknown-elf/13.2.0/libgcc.a(fixunssfdi.o)
 .debug_aranges
                0x000002a0       0x20 /opt/riscv/lib/gcc/riscv32-unknown-elf/13.2.0/libgcc.a(floatundisf.o)
 .debug_aranges
                0x000002c0       0x20 /opt/riscv/lib/gcc/riscv32-unknown-elf/13.2.0/libgcc.a(extendsfdf2.o)
 .debug_aranges
                0x000002e0       0x20 /opt/riscv/lib/gcc/riscv32-unknown-elf/13.2.0/libgcc.a(truncdfsf2.o)
 .debug_aranges
                0x00000300       0x20 /opt/riscv/lib/gcc/riscv32-unknown-elf/13.2.0/libgcc.a(_lshrdi3.o)
 .debug_aranges
                0x00000320       0x20 /opt/riscv/lib/gcc/riscv32-unknown-elf/13.2.0/libgcc.a(_ashldi3.o)
 .debug_aranges
                0x00000340       0x18 /opt/riscv/lib/gcc/riscv32-unknown-elf/13.2.0/libgcc.a(_clz.o)
 .debug_aranges
                0x00000358       0x20 /opt/riscv/lib/gcc/riscv32-unknown-elf/13.2.0/libgcc.a(_clzsi2.o)

.debug_rnglists
                0x00000000      0x90a
 .debug_rnglists
                0x00000000       0x99 /opt/riscv/lib/gcc/riscv32-unknown-elf/13.2.0/libgcc.a(_udivdi3.o)
 .debug_rnglists
                0x00000099       0x66 /opt/riscv/lib/gcc/riscv32-unknown-elf/13.2.0/libgcc.a(_umoddi3.o)
 .debug_rnglists
                0x000000ff       0xc7 /opt/riscv/lib/gcc/riscv32-unknown-elf/13.2.0/libgcc.a(adddf3.o)
 .debug_rnglists
                0x000001c6       0xcf /opt/riscv/lib/gcc/riscv32-unknown-elf/13.2.0/libgcc.a(divdf3.o)
 .debug_rnglists
                0x00000295       0x38 /opt/riscv/lib/gcc/riscv32-unknown-elf/13.2.0/libgcc.a(gedf2.o)
 .debug_rnglists
                0x000002cd       0x38 /opt/riscv/lib/gcc/riscv32-unknown-elf/13.2.0/libgcc.a(ledf2.o)
 .debug_rnglists
                0x00000305      0x136 /opt/riscv/lib/gcc/riscv32-unknown-elf/13.2.0/libgcc.a(muldf3.o)
 .debug_rnglists
                0x0000043b       0xc7 /opt/riscv/lib/gcc/riscv32-unknown-elf/13.2.0/libgcc.a(subdf3.o)
 .debug_rnglists
                0x00000502       0x16 /opt/riscv/lib/gcc/riscv32-unknown-elf/13.2.0/libgcc.a(fixunsdfsi.o)
 .debug_rnglists
                0x00000518       0x2f /opt/riscv/lib/gcc/riscv32-unknown-elf/13.2.0/libgcc.a(floatunsidf.o)
 .debug_rnglists
                0x00000547       0x21 /opt/riscv/lib/gcc/riscv32-unknown-elf/13.2.0/libgcc.a(fixunsdfdi.o)
 .debug_rnglists
                0x00000568       0x46 /opt/riscv/lib/gcc/riscv32-unknown-elf/13.2.0/libgcc.a(floatundidf.o)
 .debug_rnglists
                0x000005ae       0x92 /opt/riscv/lib/gcc/riscv32-unknown-elf/13.2.0/libgcc.a(addsf3.o)
 .debug_rnglists
                0x00000640       0x7d /opt/riscv/lib/gcc/riscv32-unknown-elf/13.2.0/libgcc.a(divsf3.o)
 .debug_rnglists
                0x000006bd       0x20 /opt/riscv/lib/gcc/riscv32-unknown-elf/13.2.0/libgcc.a(gesf2.o)
 .debug_rnglists
                0x000006dd       0x20 /opt/riscv/lib/gcc/riscv32-unknown-elf/13.2.0/libgcc.a(lesf2.o)
 .debug_rnglists
                0x000006fd       0x7d /opt/riscv/lib/gcc/riscv32-unknown-elf/13.2.0/libgcc.a(mulsf3.o)
 .debug_rnglists
                0x0000077a       0x96 /opt/riscv/lib/gcc/riscv32-unknown-elf/13.2.0/libgcc.a(subsf3.o)
 .debug_rnglists
                0x00000810       0x13 /opt/riscv/lib/gcc/riscv32-unknown-elf/13.2.0/libgcc.a(fixsfsi.o)
 .debug_rnglists
                0x00000823       0x33 /opt/riscv/lib/gcc/riscv32-unknown-elf/13.2.0/libgcc.a(floatunsisf.o)
 .debug_rnglists
                0x00000856       0x20 /opt/riscv/lib/gcc/riscv32-unknown-elf/13.2.0/libgcc.a(fixunssfdi.o)
 .debug_rnglists
                0x00000876       0x3f /opt/riscv/lib/gcc/riscv32-unknown-elf/13.2.0/libgcc.a(floatundisf.o)
 .debug_rnglists
                0x000008b5       0x1d /opt/riscv/lib/gcc/riscv32-unknown-elf/13.2.0/libgcc.a(extendsfdf2.o)
 .debug_rnglists
                0x000008d2       0x22 /opt/riscv/lib/gcc/riscv32-unknown-elf/13.2.0/libgcc.a(truncdfsf2.o)
 .debug_rnglists
                0x000008f4       0x16 /opt/riscv/lib/gcc/riscv32-unknown-elf/13.2.0/libgcc.a(_clzsi2.o)

.debug_line     0x00000000     0xad02
 .debug_line    0x00000000      0x905 /opt/riscv/lib/gcc/riscv32-unknown-elf/13.2.0/libgcc.a(_udivdi3.o)
 .debug_line    0x00000905      0x963 /opt/riscv/lib/gcc/riscv32-unknown-elf/13.2.0/libgcc.a(_umoddi3.o)
 .debug_line    0x00001268     0x1224 /opt/riscv/lib/gcc/riscv32-unknown-elf/13.2.0/libgcc.a(adddf3.o)
 .debug_line    0x0000248c     0x106b /opt/riscv/lib/gcc/riscv32-unknown-elf/13.2.0/libgcc.a(divdf3.o)
 .debug_line    0x000034f7      0x372 /opt/riscv/lib/gcc/riscv32-unknown-elf/13.2.0/libgcc.a(gedf2.o)
 .debug_line    0x00003869      0x372 /opt/riscv/lib/gcc/riscv32-unknown-elf/13.2.0/libgcc.a(ledf2.o)
 .debug_line    0x00003bdb      0xfa3 /opt/riscv/lib/gcc/riscv32-unknown-elf/13.2.0/libgcc.a(muldf3.o)
 .debug_line    0x00004b7e     0x1270 /opt/riscv/lib/gcc/riscv32-unknown-elf/13.2.0/libgcc.a(subdf3.o)
 .debug_line    0x00005dee      0x1bb /opt/riscv/lib/gcc/riscv32-unknown-elf/13.2.0/libgcc.a(fixunsdfsi.o)
 .debug_line    0x00005fa9      0x239 /opt/riscv/lib/gcc/riscv32-unknown-elf/13.2.0/libgcc.a(floatunsidf.o)
 .debug_line    0x000061e2      0x231 /opt/riscv/lib/gcc/riscv32-unknown-elf/13.2.0/libgcc.a(fixunsdfdi.o)
 .debug_line    0x00006413      0x429 /opt/riscv/lib/gcc/riscv32-unknown-elf/13.2.0/libgcc.a(floatundidf.o)
 .debug_line    0x0000683c      0xc15 /opt/riscv/lib/gcc/riscv32-unknown-elf/13.2.0/libgcc.a(addsf3.o)
 .debug_line    0x00007451      0x89e /opt/riscv/lib/gcc/riscv32-unknown-elf/13.2.0/libgcc.a(divsf3.o)
 .debug_line    0x00007cef      0x2df /opt/riscv/lib/gcc/riscv32-unknown-elf/13.2.0/libgcc.a(gesf2.o)
 .debug_line    0x00007fce      0x2df /opt/riscv/lib/gcc/riscv32-unknown-elf/13.2.0/libgcc.a(lesf2.o)
 .debug_line    0x000082ad      0x7e9 /opt/riscv/lib/gcc/riscv32-unknown-elf/13.2.0/libgcc.a(mulsf3.o)
 .debug_line    0x00008a96      0xc5b /opt/riscv/lib/gcc/riscv32-unknown-elf/13.2.0/libgcc.a(subsf3.o)
 .debug_line    0x000096f1      0x209 /opt/riscv/lib/gcc/riscv32-unknown-elf/13.2.0/libgcc.a(fixsfsi.o)
 .debug_line    0x000098fa      0x31f /opt/riscv/lib/gcc/riscv32-unknown-elf/13.2.0/libgcc.a(floatunsisf.o)
 .debug_line    0x00009c19      0x20d /opt/riscv/lib/gcc/riscv32-unknown-elf/13.2.0/libgcc.a(fixunssfdi.o)
 .debug_line    0x00009e26      0x37f /opt/riscv/lib/gcc/riscv32-unknown-elf/13.2.0/libgcc.a(floatundisf.o)
 .debug_line    0x0000a1a5      0x3b1 /opt/riscv/lib/gcc/riscv32-unknown-elf/13.2.0/libgcc.a(extendsfdf2.o)
 .debug_line    0x0000a556      0x480 /opt/riscv/lib/gcc/riscv32-unknown-elf/13.2.0/libgcc.a(truncdfsf2.o)
 .debug_line    0x0000a9d6      0x107 /opt/riscv/lib/gcc/riscv32-unknown-elf/13.2.0/libgcc.a(_lshrdi3.o)
 .debug_line    0x0000aadd      0x107 /opt/riscv/lib/gcc/riscv32-unknown-elf/13.2.0/libgcc.a(_ashldi3.o)
 .debug_line    0x0000abe4       0x3f /opt/riscv/lib/gcc/riscv32-unknown-elf/13.2.0/libgcc.a(_clz.o)
 .debug_line    0x0000ac23       0xdf /opt/riscv/lib/gcc/riscv32-unknown-elf/13.2.0/libgcc.a(_clzsi2.o)

.debug_str      0x00000000      0x99c
 .debug_str     0x00000000      0x99c /opt/riscv/lib/gcc/riscv32-unknown-elf/13.2.0/libgcc.a(_udivdi3.o)
                                0x277 (size before relaxing)
 .debug_str     0x0000099c      0x277 /opt/riscv/lib/gcc/riscv32-unknown-elf/13.2.0/libgcc.a(_umoddi3.o)
 .debug_str     0x0000099c      0x2b7 /opt/riscv/lib/gcc/riscv32-unknown-elf/13.2.0/libgcc.a(adddf3.o)
 .debug_str     0x0000099c      0x379 /opt/riscv/lib/gcc/riscv32-unknown-elf/13.2.0/libgcc.a(divdf3.o)
 .debug_str     0x0000099c      0x1ed /opt/riscv/lib/gcc/riscv32-unknown-elf/13.2.0/libgcc.a(gedf2.o)
 .debug_str     0x0000099c      0x1ed /opt/riscv/lib/gcc/riscv32-unknown-elf/13.2.0/libgcc.a(ledf2.o)
 .debug_str     0x0000099c      0x3d1 /opt/riscv/lib/gcc/riscv32-unknown-elf/13.2.0/libgcc.a(muldf3.o)
 .debug_str     0x0000099c      0x2b7 /opt/riscv/lib/gcc/riscv32-unknown-elf/13.2.0/libgcc.a(subdf3.o)
 .debug_str     0x0000099c      0x1c0 /opt/riscv/lib/gcc/riscv32-unknown-elf/13.2.0/libgcc.a(fixunsdfsi.o)
 .debug_str     0x0000099c      0x25c /opt/riscv/lib/gcc/riscv32-unknown-elf/13.2.0/libgcc.a(floatunsidf.o)
 .debug_str     0x0000099c      0x1ca /opt/riscv/lib/gcc/riscv32-unknown-elf/13.2.0/libgcc.a(fixunsdfdi.o)
 .debug_str     0x0000099c      0x27a /opt/riscv/lib/gcc/riscv32-unknown-elf/13.2.0/libgcc.a(floatundidf.o)
 .debug_str     0x0000099c      0x27a /opt/riscv/lib/gcc/riscv32-unknown-elf/13.2.0/libgcc.a(addsf3.o)
 .debug_str     0x0000099c      0x2e4 /opt/riscv/lib/gcc/riscv32-unknown-elf/13.2.0/libgcc.a(divsf3.o)
 .debug_str     0x0000099c      0x1d1 /opt/riscv/lib/gcc/riscv32-unknown-elf/13.2.0/libgcc.a(gesf2.o)
 .debug_str     0x0000099c      0x1d1 /opt/riscv/lib/gcc/riscv32-unknown-elf/13.2.0/libgcc.a(lesf2.o)
 .debug_str     0x0000099c      0x29f /opt/riscv/lib/gcc/riscv32-unknown-elf/13.2.0/libgcc.a(mulsf3.o)
 .debug_str     0x0000099c      0x27a /opt/riscv/lib/gcc/riscv32-unknown-elf/13.2.0/libgcc.a(subsf3.o)
 .debug_str     0x0000099c      0x1b2 /opt/riscv/lib/gcc/riscv32-unknown-elf/13.2.0/libgcc.a(fixsfsi.o)
 .debug_str     0x0000099c      0x23d /opt/riscv/lib/gcc/riscv32-unknown-elf/13.2.0/libgcc.a(floatunsisf.o)
 .debug_str     0x0000099c      0x1b8 /opt/riscv/lib/gcc/riscv32-unknown-elf/13.2.0/libgcc.a(fixunssfdi.o)
 .debug_str     0x0000099c      0x251 /opt/riscv/lib/gcc/riscv32-unknown-elf/13.2.0/libgcc.a(floatundisf.o)
 .debug_str     0x0000099c      0x1ed /opt/riscv/lib/gcc/riscv32-unknown-elf/13.2.0/libgcc.a(extendsfdf2.o)
 .debug_str     0x0000099c      0x243 /opt/riscv/lib/gcc/riscv32-unknown-elf/13.2.0/libgcc.a(truncdfsf2.o)
 .debug_str     0x0000099c      0x201 /opt/riscv/lib/gcc/riscv32-unknown-elf/13.2.0/libgcc.a(_lshrdi3.o)
 .debug_str     0x0000099c      0x201 /opt/riscv/lib/gcc/riscv32-unknown-elf/13.2.0/libgcc.a(_ashldi3.o)
 .debug_str     0x0000099c      0x1c4 /opt/riscv/lib/gcc/riscv32-unknown-elf/13.2.0/libgcc.a(_clz.o)
 .debug_str     0x0000099c      0x1e1 /opt/riscv/lib/gcc/riscv32-unknown-elf/13.2.0/libgcc.a(_clzsi2.o)

.debug_line_str
                0x00000000      0x469
 .debug_line_str
                0x00000000      0x469 /opt/riscv/lib/gcc/riscv32-unknown-elf/13.2.0/libgcc.a(_udivdi3.o)
                                0x112 (size before relaxing)
 .debug_line_str
                0x00000469      0x112 /opt/riscv/lib/gcc/riscv32-unknown-elf/13.2.0/libgcc.a(_umoddi3.o)
 .debug_line_str
                0x00000469      0x11e /opt/riscv/lib/gcc/riscv32-unknown-elf/13.2.0/libgcc.a(adddf3.o)
 .debug_line_str
                0x00000469      0x128 /opt/riscv/lib/gcc/riscv32-unknown-elf/13.2.0/libgcc.a(divdf3.o)
 .debug_line_str
                0x00000469      0x12b /opt/riscv/lib/gcc/riscv32-unknown-elf/13.2.0/libgcc.a(gedf2.o)
 .debug_line_str
                0x00000469      0x12b /opt/riscv/lib/gcc/riscv32-unknown-elf/13.2.0/libgcc.a(ledf2.o)
 .debug_line_str
                0x00000469      0x128 /opt/riscv/lib/gcc/riscv32-unknown-elf/13.2.0/libgcc.a(muldf3.o)
 .debug_line_str
                0x00000469      0x11e /opt/riscv/lib/gcc/riscv32-unknown-elf/13.2.0/libgcc.a(subdf3.o)
 .debug_line_str
                0x00000469      0x134 /opt/riscv/lib/gcc/riscv32-unknown-elf/13.2.0/libgcc.a(fixunsdfsi.o)
 .debug_line_str
                0x00000469      0x137 /opt/riscv/lib/gcc/riscv32-unknown-elf/13.2.0/libgcc.a(floatunsidf.o)
 .debug_line_str
                0x00000469      0x134 /opt/riscv/lib/gcc/riscv32-unknown-elf/13.2.0/libgcc.a(fixunsdfdi.o)
 .debug_line_str
                0x00000469      0x137 /opt/riscv/lib/gcc/riscv32-unknown-elf/13.2.0/libgcc.a(floatundidf.o)
 .debug_line_str
                0x00000469      0x11e /opt/riscv/lib/gcc/riscv32-unknown-elf/13.2.0/libgcc.a(addsf3.o)
 .debug_line_str
                0x00000469      0x11e /opt/riscv/lib/gcc/riscv32-unknown-elf/13.2.0/libgcc.a(divsf3.o)
 .debug_line_str
                0x00000469      0x12b /opt/riscv/lib/gcc/riscv32-unknown-elf/13.2.0/libgcc.a(gesf2.o)
 .debug_line_str
                0x00000469      0x12b /opt/riscv/lib/gcc/riscv32-unknown-elf/13.2.0/libgcc.a(lesf2.o)
 .debug_line_str
                0x00000469      0x128 /opt/riscv/lib/gcc/riscv32-unknown-elf/13.2.0/libgcc.a(mulsf3.o)
 .debug_line_str
                0x00000469      0x11e /opt/riscv/lib/gcc/riscv32-unknown-elf/13.2.0/libgcc.a(subsf3.o)
 .debug_line_str
                0x00000469      0x12b /opt/riscv/lib/gcc/riscv32-unknown-elf/13.2.0/libgcc.a(fixsfsi.o)
 .debug_line_str
                0x00000469      0x137 /opt/riscv/lib/gcc/riscv32-unknown-elf/13.2.0/libgcc.a(floatunsisf.o)
 .debug_line_str
                0x00000469      0x134 /opt/riscv/lib/gcc/riscv32-unknown-elf/13.2.0/libgcc.a(fixunssfdi.o)
 .debug_line_str
                0x00000469      0x137 /opt/riscv/lib/gcc/riscv32-unknown-elf/13.2.0/libgcc.a(floatundisf.o)
 .debug_line_str
                0x00000469      0x136 /opt/riscv/lib/gcc/riscv32-unknown-elf/13.2.0/libgcc.a(extendsfdf2.o)
 .debug_line_str
                0x00000469      0x133 /opt/riscv/lib/gcc/riscv32-unknown-elf/13.2.0/libgcc.a(truncdfsf2.o)
 .debug_line_str
                0x00000469      0x112 /opt/riscv/lib/gcc/riscv32-unknown-elf/13.2.0/libgcc.a(_lshrdi3.o)
 .debug_line_str
                0x00000469      0x112 /opt/riscv/lib/gcc/riscv32-unknown-elf/13.2.0/libgcc.a(_ashldi3.o)
 .debug_line_str
                0x00000469      0x112 /opt/riscv/lib/gcc/riscv32-unknown-elf/13.2.0/libgcc.a(_clz.o)
 .debug_line_str
                0x00000469      0x112 /opt/riscv/lib/gcc/riscv32-unknown-elf/13.2.0/libgcc.a(_clzsi2.o)

.debug_frame    0x00000000      0x508
 .debug_frame   0x00000000       0x44 /opt/riscv/lib/gcc/riscv32-unknown-elf/13.2.0/libgcc.a(adddf3.o)
 .debug_frame   0x00000044       0x54 /opt/riscv/lib/gcc/riscv32-unknown-elf/13.2.0/libgcc.a(divdf3.o)
 .debug_frame   0x00000098       0x20 /opt/riscv/lib/gcc/riscv32-unknown-elf/13.2.0/libgcc.a(gedf2.o)
 .debug_frame   0x000000b8       0x20 /opt/riscv/lib/gcc/riscv32-unknown-elf/13.2.0/libgcc.a(ledf2.o)
 .debug_frame   0x000000d8       0x54 /opt/riscv/lib/gcc/riscv32-unknown-elf/13.2.0/libgcc.a(muldf3.o)
 .debug_frame   0x0000012c       0x44 /opt/riscv/lib/gcc/riscv32-unknown-elf/13.2.0/libgcc.a(subdf3.o)
 .debug_frame   0x00000170       0x20 /opt/riscv/lib/gcc/riscv32-unknown-elf/13.2.0/libgcc.a(fixunsdfsi.o)
 .debug_frame   0x00000190       0x34 /opt/riscv/lib/gcc/riscv32-unknown-elf/13.2.0/libgcc.a(floatunsidf.o)
 .debug_frame   0x000001c4       0x2c /opt/riscv/lib/gcc/riscv32-unknown-elf/13.2.0/libgcc.a(fixunsdfdi.o)
 .debug_frame   0x000001f0       0x44 /opt/riscv/lib/gcc/riscv32-unknown-elf/13.2.0/libgcc.a(floatundidf.o)
 .debug_frame   0x00000234       0x40 /opt/riscv/lib/gcc/riscv32-unknown-elf/13.2.0/libgcc.a(addsf3.o)
 .debug_frame   0x00000274       0x4c /opt/riscv/lib/gcc/riscv32-unknown-elf/13.2.0/libgcc.a(divsf3.o)
 .debug_frame   0x000002c0       0x20 /opt/riscv/lib/gcc/riscv32-unknown-elf/13.2.0/libgcc.a(gesf2.o)
 .debug_frame   0x000002e0       0x20 /opt/riscv/lib/gcc/riscv32-unknown-elf/13.2.0/libgcc.a(lesf2.o)
 .debug_frame   0x00000300       0x4c /opt/riscv/lib/gcc/riscv32-unknown-elf/13.2.0/libgcc.a(mulsf3.o)
 .debug_frame   0x0000034c       0x40 /opt/riscv/lib/gcc/riscv32-unknown-elf/13.2.0/libgcc.a(subsf3.o)
 .debug_frame   0x0000038c       0x20 /opt/riscv/lib/gcc/riscv32-unknown-elf/13.2.0/libgcc.a(fixsfsi.o)
 .debug_frame   0x000003ac       0x34 /opt/riscv/lib/gcc/riscv32-unknown-elf/13.2.0/libgcc.a(floatunsisf.o)
 .debug_frame   0x000003e0       0x2c /opt/riscv/lib/gcc/riscv32-unknown-elf/13.2.0/libgcc.a(fixunssfdi.o)
 .debug_frame   0x0000040c       0x44 /opt/riscv/lib/gcc/riscv32-unknown-elf/13.2.0/libgcc.a(floatundisf.o)
 .debug_frame   0x00000450       0x38 /opt/riscv/lib/gcc/riscv32-unknown-elf/13.2.0/libgcc.a(extendsfdf2.o)
 .debug_frame   0x00000488       0x20 /opt/riscv/lib/gcc/riscv32-unknown-elf/13.2.0/libgcc.a(truncdfsf2.o)
 .debug_frame   0x000004a8       0x20 /opt/riscv/lib/gcc/riscv32-unknown-elf/13.2.0/libgcc.a(_lshrdi3.o)
 .debug_frame   0x000004c8       0x20 /opt/riscv/lib/gcc/riscv32-unknown-elf/13.2.0/libgcc.a(_ashldi3.o)
 .debug_frame   0x000004e8       0x20 /opt/riscv/lib/gcc/riscv32-unknown-elf/13.2.0/libgcc.a(_clzsi2.o)
