
There are no discarded input sections

Memory Configuration

Name             Origin             Length             Attributes
code_ram         0x00000000         0x00000900         xr!rw
data_ram         0x00000900         0x00000800         rw!x
*default*        0x00000000         0xffffffff

Linker script and memory map

                0x00000300                        __stack_size = 0x300

.text           0x00000000      0x5f4
 boot.o(.text)
 .text          0x00000000       0x34 boot.o
                0x00000000                boot
 *(.text)
 .text          0x00000034        0x0 uartboot.o
 .text          0x00000034      0x5c0 io_uart.o
                0x00000034                exit
                0x00000078                outbyte
                0x000000c4                putchar
                0x00000118                putd
                0x000001f8                putx
                0x00000288                puts
                0x00000324                printf
                0x0000050c                inbyte
                0x00000580                getchar

.text.startup   0x000005f4       0x8c
 .text.startup  0x000005f4       0x8c uartboot.o
                0x000005f4                main

.rela.dyn       0x00000680        0x0
 .rela.sdata    0x00000680        0x0 boot.o

.data           0x00000900      0x11e
 *(.data)
 .data          0x00000900        0x0 boot.o
 .data          0x00000900        0x0 uartboot.o
 .data          0x00000900        0x0 io_uart.o
 *(.bss)
 .bss           0x00000900        0x0 boot.o
 .bss           0x00000900        0x0 uartboot.o
 .bss           0x00000900        0x0 io_uart.o
 *(.rodata*)
 .rodata.str1.4
                0x00000900       0x55 uartboot.o
 *fill*         0x00000955        0x3 
 .rodata        0x00000958       0xc6 io_uart.o

.sdata          0x00000a20        0x4
 .sdata         0x00000a20        0x4 boot.o
                0x00000a20                stack_top

.sbss           0x00000a24        0x4
 .sbss          0x00000a24        0x4 boot.o
                0x00000a24                sp_store

.stack          0x00000a30      0x300
                0x00000d30                        . = (. + __stack_size)
 *fill*         0x00000a30      0x300 
                0x00000d30                        __stack_top = .
LOAD boot.o
LOAD uartboot.o
LOAD io_uart.o
OUTPUT(uartboot.elf elf32-littleriscv)

.comment        0x00000000       0x1b
 .comment       0x00000000       0x1b boot.o
                                 0x1c (size before relaxing)
 .comment       0x0000001b       0x1c uartboot.o
 .comment       0x0000001b       0x1c io_uart.o

.riscv.attributes
                0x00000000       0x57
 .riscv.attributes
                0x00000000       0x57 boot.o
 .riscv.attributes
                0x00000057       0x57 uartboot.o
 .riscv.attributes
                0x000000ae       0x57 io_uart.o
