
There are no discarded input sections

Memory Configuration

Name             Origin             Length             Attributes
code_ram         0x00000000         0x00001000         xr!rw
data_ram         0x00001000         0x00000800         rw!x
*default*        0x00000000         0xffffffff

Linker script and memory map

                0x00000300                        __stack_size = 0x300

.text           0x00000000      0x7a4
 boot.o(.text)
 .text          0x00000000       0x34 boot.o
                0x00000000                boot
 *(.text)
 .text          0x00000034      0x1b0 uartboot.o
                0x00000034                load_elf
 .text          0x000001e4      0x5c0 io_uart.o
                0x000001e4                exit
                0x00000228                outbyte
                0x00000274                putchar
                0x000002c8                putd
                0x000003a8                putx
                0x00000438                puts
                0x000004d4                printf
                0x000006bc                inbyte
                0x00000730                getchar

.text.startup   0x000007a4      0x16c
 .text.startup  0x000007a4      0x16c uartboot.o
                0x000007a4                main

.rela.dyn       0x00000910        0x0
 .rela.sdata    0x00000910        0x0 boot.o

.data           0x00001000      0x30a
 *(.data)
 .data          0x00001000        0x0 boot.o
 .data          0x00001000        0x0 uartboot.o
 .data          0x00001000        0x0 io_uart.o
 *(.bss)
 .bss           0x00001000        0x0 boot.o
 .bss           0x00001000       0xc0 uartboot.o
                0x00001000                pheader
                0x00001080                eheader
 .bss           0x000010c0        0x0 io_uart.o
 *(.rodata*)
 .rodata.str1.4
                0x000010c0      0x183 uartboot.o
 *fill*         0x00001243        0x1 
 .rodata        0x00001244       0xc6 io_uart.o

.sdata          0x0000130c        0xc
 .sdata         0x0000130c        0x4 boot.o
                0x0000130c                stack_top
 .sdata         0x00001310        0x8 uartboot.o
                0x00001310                year
                0x00001314                organization

.sbss           0x00001318        0x8
 .sbss          0x00001318        0x4 boot.o
                0x00001318                sp_store
 .sbss          0x0000131c        0x4 uartboot.o
                0x0000131c                prog

.stack          0x00001320      0x300
                0x00001620                        . = (. + __stack_size)
 *fill*         0x00001320      0x300 
                0x00001620                        __stack_top = .
LOAD boot.o
LOAD uartboot.o
LOAD io_uart.o
OUTPUT(uartboot.elf elf32-littleriscv)

.comment        0x00000000       0x1b
 .comment       0x00000000       0x1b boot.o
                                 0x1c (size before relaxing)
 .comment       0x0000001b       0x1c uartboot.o
 .comment       0x0000001b       0x1c io_uart.o

.riscv.attributes
                0x00000000       0x57
 .riscv.attributes
                0x00000000       0x57 boot.o
 .riscv.attributes
                0x00000057       0x57 uartboot.o
 .riscv.attributes
                0x000000ae       0x57 io_uart.o
